{
  "frame_ids": [
    "before",
    0,
    16,
    32,
    48,
    64,
    80,
    96,
    112,
    128,
    144,
    160,
    176,
    192,
    208,
    224,
    240,
    256,
    272,
    288,
    304,
    "after"
  ],
  "features": [
    {
      "name": "pointerOffset",
      "type": "offset",
      "data_points": [
        "unspecified",
        "unspecified",
        {
          "x": 525,
          "y": 76.90039
        },
        {
          "x": 525,
          "y": 129.35059
        },
        {
          "x": 525,
          "y": 181.7998
        },
        {
          "x": 525,
          "y": 234.25
        },
        {
          "x": 525,
          "y": 286.7002
        },
        {
          "x": 525,
          "y": 339.1504
        },
        {
          "x": 525,
          "y": 391.6006
        },
        {
          "x": 525,
          "y": 444.0498
        },
        {
          "x": 525,
          "y": 496.5
        },
        {
          "x": 525,
          "y": 548.9502
        },
        {
          "x": 525,
          "y": 601.4004
        },
        {
          "x": 525,
          "y": 653.8506
        },
        {
          "x": 525,
          "y": 706.2998
        },
        {
          "x": 525,
          "y": 758.75
        },
        {
          "x": 525,
          "y": 811.2002
        },
        {
          "x": 525,
          "y": 863.6504
        },
        {
          "x": 525,
          "y": 916.1006
        },
        {
          "x": 525,
          "y": 968.5498
        },
        {
          "x": 525,
          "y": 1021
        },
        "unspecified"
      ]
    }
  ]
}