{
  "frame_ids": [
    "before",
    0,
    16,
    32,
    48,
    64,
    80,
    96,
    112,
    128,
    144,
    160,
    176,
    "after"
  ],
  "features": [
    {
      "name": "bar_alpha",
      "type": "float",
      "data_points": [
        0,
        0,
        0,
        0.12842241,
        0.35154778,
        0.55449593,
        0.7083054,
        0.81507283,
        0.885441,
        0.930257,
        0.9581131,
        0.9751153,
        0.98534745,
        1
      ]
    },
    {
      "name": "foo_alpha",
      "type": "float",
      "data_points": [
        1,
        1,
        1,
        0.8715776,
        0.6484522,
        0.44550407,
        0.29169458,
        0.18492717,
        0.114558995,
        0.06974298,
        0.041886926,
        0.0248847,
        0.01465255,
        0
      ]
    }
  ]
}