{
  "frame_ids": [
    "before",
    0,
    16,
    32,
    48,
    64,
    80,
    96,
    112,
    128,
    144,
    160,
    176,
    192,
    208,
    224,
    240,
    "after"
  ],
  "features": [
    {
      "name": "position",
      "type": "dpOffset",
      "data_points": [
        {
          "x": 0,
          "y": 0
        },
        {
          "x": 0,
          "y": 0
        },
        {
          "x": 0,
          "y": 0
        },
        {
          "x": 11.428572,
          "y": 0
        },
        {
          "x": 31.714285,
          "y": 0
        },
        {
          "x": 50,
          "y": 0
        },
        {
          "x": 63.714287,
          "y": 0
        },
        {
          "x": 73.42857,
          "y": 0
        },
        {
          "x": 79.71429,
          "y": 0
        },
        {
          "x": 83.71429,
          "y": 0
        },
        {
          "x": 86.28571,
          "y": 0
        },
        {
          "x": 87.71429,
          "y": 0
        },
        {
          "x": 88.57143,
          "y": 0
        },
        {
          "x": 89.14286,
          "y": 0
        },
        {
          "x": 89.42857,
          "y": 0
        },
        {
          "x": 89.71429,
          "y": 0
        },
        {
          "x": 89.71429,
          "y": 0
        },
        {
          "x": 90,
          "y": 0
        }
      ]
    }
  ]
}