{
  "frame_ids": [
    "before",
    0,
    16,
    32,
    48,
    64,
    80,
    96,
    112,
    128,
    144,
    160,
    "after"
  ],
  "features": [
    {
      "name": "pointerOffset",
      "type": "offset",
      "data_points": [
        "unspecified",
        "unspecified",
        "unspecified",
        {
          "x": 525,
          "y": 328.66016
        },
        {
          "x": 525,
          "y": 496.5
        },
        {
          "x": 525,
          "y": 496.5
        },
        {
          "x": 525,
          "y": 674.8301
        },
        {
          "x": 525,
          "y": 674.8301
        },
        {
          "x": 525,
          "y": 853.16016
        },
        {
          "x": 525,
          "y": 1021
        },
        {
          "x": 525,
          "y": 1021
        },
        "unspecified",
        "unspecified"
      ]
    }
  ]
}