{
  "frame_ids": [
    "before",
    0,
    16,
    32,
    48,
    64,
    80,
    96,
    112,
    128,
    144,
    160,
    176,
    "after"
  ],
  "features": [
    {
      "name": "alpha",
      "type": "float",
      "data_points": [
        0,
        0,
        0,
        0.12842241,
        0.35154778,
        0.55449593,
        0.7083054,
        0.81507283,
        0.885441,
        0.930257,
        0.9581131,
        0.9751153,
        0.98534745,
        1
      ]
    }
  ]
}